// Jest Snapshot v1, https://goo.gl/fbAQLP

exports[`Danger Button renders the component 1`] = `ShallowWrapper {}`;

exports[`Default Button renders the component 1`] = `ShallowWrapper {}`;

exports[`Default Button renders the component with disabled prop 1`] = `ShallowWrapper {}`;

exports[`Primary Button renders the component 1`] = `ShallowWrapper {}`;

exports[`Warning Button renders the component 1`] = `ShallowWrapper {}`;
